1.	Element: 'dpm_menu2' is not visible	2016/3/27 18:41:40
2.	Element: 'dpm_menu2' is not visible	2016/3/27 18:43:12
3.	Element: 'dpm_menu2' is not visible	2016/3/27 18:43:31
4.	Element: 'dpm_menu2' is not visible	2016/3/27 18:46:17
5.	Element: 'dpm_menu2' is not visible	2016/3/27 18:47:20
6.	Element: 'dpm_menu2' is not visible	2016/3/27 18:47:41
7.	Element: 'dpm_menu2' is not visible	2016/3/27 18:48:35
8.	Element: 'dpm_menu2' is not visible	2016/3/27 18:48:47
9.	Element: 'dpm_menu2' is not visible	2016/3/27 18:49:17
10.	Element: 'dpm_menu2' is not visible	2016/3/27 18:50:3
11.	Element: 'dpm_menu2' is not visible	2016/3/27 18:50:16
12.	Element: 'dpm_menu2' is not visible	2016/3/27 18:50:50
13.	Element: 'dpm_menu2' is not visible	2016/3/27 18:51:22
14.	Element: 'dpm_menu2' is not visible	2016/3/27 18:52:29
15.	Element: 'dpm_menu2' is not visible	2016/3/27 18:52:45
16.	Element: 'dpm_menu2' is not visible	2016/3/27 18:57:48
17.	Element: 'dpm_menu2' is not visible	2016/3/27 19:0:4
18.	Element: 'dpm_menu2' is not visible	2016/3/27 19:1:0
19.	Element: 'dpm_menu2' is not visible	2016/3/27 19:1:56
20.	Element: 'dpm_menu2' is not visible	2016/3/27 19:3:50
21.	Element: 'dpm_menu2' is not visible	2016/3/27 19:6:36
22.	Element: 'dpm_menu2' is not visible	2016/3/27 19:13:11
23.	Element: 'dpm_menu2' is not visible	2016/3/27 19:16:26
24.	Element: 'dpm_menu2' is not visible	2016/3/27 19:16:54
25.	Element: 'dpm_menu2' is not visible	2016/3/27 19:18:29
26.	Element: 'dpm_menu2' is not visible	2016/3/27 19:19:26
27.	Element: 'dpm_menu2' is not visible	2016/3/27 19:22:24
28.	Element: 'dpm_menu2' is not visible	2016/3/27 19:22:51
29.	Element: 'dpm_menu2' is not visible	2016/3/27 19:23:31
30.	Element: 'dpm_menu2' is not visible	2016/3/27 19:24:4
31.	Element: 'dpm_menu2' is not visible	2016/3/27 19:47:37
32.	Element: 'dpm_menu2' is not visible	2016/3/27 19:54:55
33.	Element: 'dpm_menu2' is not visible	2016/3/27 19:55:9
34.	Element: 'dpm_menu2' is not visible	2016/3/27 19:55:42
35.	Element: 'dpm_menu2' is not visible	2016/3/27 19:56:15
36.	Element: 'dpm_menu2' is not visible	2016/3/27 19:56:33
37.	Element: 'dpm_menu2' is not visible	2016/3/27 19:57:8
38.	Element: 'dpm_menu2' is not visible	2016/3/27 19:57:32
